
> cctv-instalation@0.1.0 build
> next build

node.exe :  ΓÜá 
Warning: Next.js 
inferred your 
workspace root, but 
it may not be 
correct.
At C:\Program Files\n
odejs\npm.ps1:29 
char:3
+   & $NODE_EXE 
$NPM_CLI_JS $args
+   ~~~~~~~~~~~~~~~~~
~~~~~~~~~~~~
    + CategoryInfo   
           : NotSpe  
  cified: ( ΓÜá Wa   
 rning: N...not b    
e correct.:Strin    
g) [], RemoteExc    
eption
    + FullyQualified 
   ErrorId : Native  
  CommandError
 
 We detected 
multiple lockfiles 
and selected the 
directory of C:\Users
\Dell\package-lock.js
on as the root 
directory.
 To silence this 
warning, set 
`turbopack.root` in 
your Next.js config, 
or consider removing 
one of the lockfiles 
if it's not needed.
   See https://nextjs
.org/docs/app/api-ref
erence/config/next-co
nfig-js/turbopack#roo
t-directory for more 
information.
 Detected additional 
lockfiles: 
   * C:\Users\Dell\Do
cuments\GitHub\cctv-i
nstalation\package-lo
ck.json

   Γû▓ Next.js 16.0.0 (Turbopack)
   - Environments: .env

   Creating an optimized production build ...
 Γ£ô Compiled successfully in 3.1s
   Running TypeScript ...
Failed to compile.

.next/dev/types/valid
ator.ts:71:39
Type error: Cannot 
find module '../../..
/src/app/services/[ci
ty]/[locality]/[servi
ce]/page.js' or its 
corresponding type 
declarations.

[0m [90m 69 |[39m 
{
 [90m 70 |[39m   
type __IsExpected[33
m<[39m[33mSpecific
[39m 
[36mextends[39m [3
3mAppPageConfig[39m
[33m<[39m[32m"/serv
ices/[city]/[locality
]/[service]"[39m[33
m>>[39m [33m=[39m 
[33mSpecific[39m
[31m[1m>[22m[39m
[90m 71 |[39m   
[36mconst[39m 
handler [33m=[39m 
{} [36mas[39m 
[36mtypeof[39m [36
mimport[39m([32m"..
/../../src/app/servic
es/[city]/[locality]/
[service]/page.js"[3
9m)
 [90m    |[39m     
                     
             
[31m[1m^[22m[39m
 [90m 72 |[39m   
type __Check 
[33m=[39m __IsExpec
ted[33m<[39m[36mty
peof[39m 
handler[33m>[39m
 [90m 73 |[39m   
[90m// 
@ts-ignore[39m
 [90m 74 |[39m   
type __Unused 
[33m=[39m 
__Check[0m
Next.js build worker 
exited with code: 1 
and signal: null
